// Jest Snapshot v1, https://jestjs.io/docs/snapshot-testing

exports[`pruebas en SearchPage debe de mostrarse con valores por defecto 1`] = `
<div>
  <h1>
    Search
  </h1>
  <hr />
  <div
    class="row"
  >
    <div
      class="col-5"
    >
      <h4>
        Searching
      </h4>
      <div
        class="col-7"
      >
        <hr />
        <form>
          <input
            autocomplete="off"
            class="form-control"
            name="searchText"
            placeholder="Seach Hero"
            type="text"
            value=""
          />
          <button
            class="btn btn-outline-primary mt-1"
          >
            Search
          </button>
        </form>
      </div>
      <div
        class="col-7"
      >
        <h4>
          Results
        </h4>
        <hr />
        <div
          class="alert alert-primary"
        >
          Search a hero
        </div>
        <div
          aria-label="alert-danger"
          class="alert alert-danger"
          style="display: none;"
        >
          There's no results with 
          <b />
        </div>
      </div>
    </div>
  </div>
</div>
`;
